== pherc0814-46527 pipeline start 2026-09-28T11:23:46-04:00
package: /mnt/media/vesuvius/villa-wt-study/vesuvius/src/vesuvius/__init__.py
code: feb51b458 Merge branch 'ink-tiff-provenance' into study-combined
input depth=21 (17 of 21 used per run)
== s42_w-2: ckpt=hybrid_3d2d-seed42/step-075000.pth window=[0,17) 
20.77 s wall, 1811856 KB maxrss
== s42_w-1: ckpt=hybrid_3d2d-seed42/step-075000.pth window=[1,18) 
19.16 s wall, 1815712 KB maxrss
== s42_w0: ckpt=hybrid_3d2d-seed42/step-075000.pth window=[2,19) 
19.15 s wall, 1816572 KB maxrss
== s42_w1: ckpt=hybrid_3d2d-seed42/step-075000.pth window=[3,20) 
18.20 s wall, 1817716 KB maxrss
== s42_w2: ckpt=hybrid_3d2d-seed42/step-075000.pth window=[4,21) 
18.73 s wall, 1810908 KB maxrss
== s42_w0_tta: ckpt=hybrid_3d2d-seed42/step-075000.pth window=[2,19) --tta-mirror
35.25 s wall, 1845216 KB maxrss
== s43_w-2: ckpt=hybrid_3d2d-seed43/step-075000.pth window=[0,17) 
19.96 s wall, 1828456 KB maxrss
== s43_w-1: ckpt=hybrid_3d2d-seed43/step-075000.pth window=[1,18) 
19.67 s wall, 1819676 KB maxrss
== s43_w0: ckpt=hybrid_3d2d-seed43/step-075000.pth window=[2,19) 
18.59 s wall, 1822756 KB maxrss
== s43_w1: ckpt=hybrid_3d2d-seed43/step-075000.pth window=[3,20) 
19.41 s wall, 1820972 KB maxrss
== s43_w2: ckpt=hybrid_3d2d-seed43/step-075000.pth window=[4,21) 
18.35 s wall, 1822440 KB maxrss
== s43_w0_tta: ckpt=hybrid_3d2d-seed43/step-075000.pth window=[2,19) --tta-mirror
34.81 s wall, 1847360 KB maxrss
== s42_step50k_w0: ckpt=hybrid_3d2d-seed42/step-050000.pth window=[2,19) 
18.83 s wall, 1822796 KB maxrss
== s43_step50k_w0: ckpt=hybrid_3d2d-seed43/step-050000.pth window=[2,19) 
18.48 s wall, 1822676 KB maxrss
== arms done 2026-09-28T11:28:48-04:00; provenance of one output:
vesuvius_ink_inference v1
{"vesuvius_ink_inference":{"checkpoint":{"name":"step-075000.pth","sha256":"2aeaa85a35ef28d7bc7bf3e848c4a6a91385e9132710927fdba41133c4ecb28f","size_bytes":138360231,"step":74999,"weights":"model"},"created_utc":"2026-09-28T15:26:55+00:00","input":{"depth_axis_first":true,"level":"0","shape":[21,2130,3455],"zarr":"/mnt/media/vesuvius/study/pherc0814-46527/pherc0814-46527_pooled.zarr"},"physical_scale":null,"run":{"amp_dtype":null,"batch_size":4,"blend_mode":"hann","compile_mode":"reduce-overhead","compile_requested":false,"device":"cuda","direction":"forward","layer_en
labels: {'inklabels_shape': [21, 2130, 3455], 'validation_shape': [21, 2130, 3455], 'z_used': 10} | validation px: 161051 | ink px in region: 60127
s42_centre                   AUC=0.8742 [0.7973, 0.9384]  AP=0.8393  (1 file(s), 25s)
s43_centre                   AUC=0.8626 [0.7735, 0.9294]  AP=0.7836  (1 file(s), 26s)
s42_shift-2                  AUC=0.8065 [0.6887, 0.8985]  AP=0.7734  (1 file(s), 25s)
s42_shift-1                  AUC=0.8167 [0.7060, 0.9064]  AP=0.7848  (1 file(s), 25s)
s42_shift+1                  AUC=0.8811 [0.8072, 0.9439]  AP=0.8545  (1 file(s), 25s)
s42_shift+2                  AUC=0.8960 [0.8257, 0.9539]  AP=0.8728  (1 file(s), 25s)
s43_shift-2                  AUC=0.8231 [0.7160, 0.9054]  AP=0.7582  (1 file(s), 25s)
s43_shift-1                  AUC=0.8417 [0.7412, 0.9167]  AP=0.7707  (1 file(s), 25s)
s43_shift+1                  AUC=0.8704 [0.7873, 0.9304]  AP=0.7989  (1 file(s), 25s)
s43_shift+2                  AUC=0.8764 [0.7958, 0.9342]  AP=0.8146  (1 file(s), 25s)
s42_window_ens5              AUC=0.8710 [0.7868, 0.9399]  AP=0.8381  (5 file(s), 27s)
s43_window_ens5              AUC=0.8649 [0.7756, 0.9316]  AP=0.7963  (5 file(s), 26s)
seed_ens_centre              AUC=0.8885 [0.8184, 0.9407]  AP=0.8443  (2 file(s), 26s)
s42_tta                      AUC=0.8717 [0.7887, 0.9353]  AP=0.8387  (1 file(s), 25s)
s43_tta                      AUC=0.8451 [0.7449, 0.9196]  AP=0.7751  (1 file(s), 25s)
s42_step50k_centre           AUC=0.8945 [0.8411, 0.9409]  AP=0.8589  (1 file(s), 25s)
s43_step50k_centre           AUC=0.8641 [0.7811, 0.9287]  AP=0.8074  (1 file(s), 26s)
seed_ens_step50k             AUC=0.9089 [0.8556, 0.9493]  AP=0.8688  (2 file(s), 27s)
seeds_x_windows_ens10        AUC=0.8860 [0.8139, 0.9413]  AP=0.8419  (10 file(s), 27s)
everything_ens12             AUC=0.8839 [0.8095, 0.9411]  AP=0.8408  (12 file(s), 27s)
s42_step50k_w0         18.83 s wall, 1822796 KB maxrss
s42_w0                 19.15 s wall, 1816572 KB maxrss
s42_w0_tta             35.25 s wall, 1845216 KB maxrss
s42_w-1                19.16 s wall, 1815712 KB maxrss
s42_w1                 18.20 s wall, 1817716 KB maxrss
s42_w-2                20.77 s wall, 1811856 KB maxrss
s42_w2                 18.73 s wall, 1810908 KB maxrss
s43_step50k_w0         18.48 s wall, 1822676 KB maxrss
s43_w0                 18.59 s wall, 1822756 KB maxrss
s43_w0_tta             34.81 s wall, 1847360 KB maxrss
s43_w-1                19.67 s wall, 1819676 KB maxrss
s43_w1                 19.41 s wall, 1820972 KB maxrss
s43_w-2                19.96 s wall, 1828456 KB maxrss
s43_w2                 18.35 s wall, 1822440 KB maxrss
== pherc0814-46527 pipeline done 2026-09-28T11:37:27-04:00
